diagnose sequence=dataset_4_keyframe_1
  eval raw_s2m2
  eval aligned_local_faithful
  eval faithful_full
  eval faithful_state_reset
  eval faithful_shuffled_existing
  eval safe_causal_bida
  debug full
  debug zero_state
  debug random_state
  debug shuffled_corrected
  debug prev_current
  debug zero_prev
  debug all_reliable
  horizon 1
  horizon 2
  horizon 4
  horizon 8
  horizon persistent
diagnose sequence=dataset_7_keyframe_4
  eval raw_s2m2
  eval aligned_local_faithful
  eval faithful_full
  eval faithful_state_reset
  eval faithful_shuffled_existing
  eval safe_causal_bida
  debug full
  debug zero_state
  debug random_state
  debug shuffled_corrected
  debug prev_current
  debug zero_prev
  debug all_reliable
  horizon 1
  horizon 2
  horizon 4
  horizon 8
  horizon persistent
diagnose sequence=dataset_2_keyframe_4
  eval raw_s2m2
  eval aligned_local_faithful
  eval faithful_full
  eval faithful_state_reset
  eval faithful_shuffled_existing
  eval safe_causal_bida
  debug full
  debug zero_state
  debug random_state
  debug shuffled_corrected
  debug prev_current
  debug zero_prev
  debug all_reliable
  horizon 1
  horizon 2
  horizon 4
  horizon 8
  horizon persistent
diagnose sequence=dataset_3_keyframe_2
  eval raw_s2m2
  eval aligned_local_faithful
  eval faithful_full
  eval faithful_state_reset
  eval faithful_shuffled_existing
  eval safe_causal_bida
  debug full
  debug zero_state
  debug random_state
  debug shuffled_corrected
  debug prev_current
  debug zero_prev
  debug all_reliable
  horizon 1
  horizon 2
  horizon 4
  horizon 8
  horizon persistent
{
  "device": "cuda",
  "verdict": "STATE_HARMFUL_OR_UNUSED",
  "out": "/dtu/p1/leopam/ARGOS/results/03_temporal_refinement/argos_v2"
}
