\BOOKMARK [1][-]{section.1}{\376\377\000C\000o\000n\000t\000e\000x\000t\000\040\000a\000n\000d\000\040\000R\000e\000s\000e\000a\000r\000c\000h\000\040\000Q\000u\000e\000s\000t\000i\000o\000n}{}% 1
\BOOKMARK [1][-]{section.2}{\376\377\000D\000a\000t\000a\000s\000e\000t\000\040\000a\000n\000d\000\040\000C\000a\000c\000h\000e\000d\000\040\000I\000n\000p\000u\000t\000s}{}% 2
\BOOKMARK [2][-]{subsection.2.1}{\376\377\000A\000u\000d\000i\000t\000e\000d\000\040\000S\000C\000A\000R\000E\000D\000\040\000T\000e\000m\000p\000o\000r\000a\000l\000-\000G\000T\000\040\000S\000e\000q\000u\000e\000n\000c\000e}{section.2}% 3
\BOOKMARK [2][-]{subsection.2.2}{\376\377\000P\000r\000e\000d\000i\000c\000t\000i\000o\000n\000\040\000C\000a\000c\000h\000e\000s}{section.2}% 4
\BOOKMARK [1][-]{section.3}{\376\377\000B\000e\000n\000c\000h\000m\000a\000r\000k\000\040\000D\000e\000s\000i\000g\000n}{}% 5
\BOOKMARK [2][-]{subsection.3.1}{\376\377\000C\000a\000c\000h\000e\000-\000O\000n\000l\000y\000\040\000E\000v\000a\000l\000u\000a\000t\000i\000o\000n}{section.3}% 6
\BOOKMARK [2][-]{subsection.3.2}{\376\377\000M\000a\000i\000n\000\040\000E\000v\000a\000l\000u\000a\000t\000e\000d\000\040\000M\000e\000t\000h\000o\000d\000s}{section.3}% 7
\BOOKMARK [1][-]{section.4}{\376\377\000T\000e\000m\000p\000o\000r\000a\000l\000\040\000F\000u\000s\000i\000o\000n\000\040\000M\000e\000t\000h\000o\000d\000s}{}% 8
\BOOKMARK [2][-]{subsection.4.1}{\376\377\000F\000i\000x\000e\000d\000\040\000C\000a\000u\000s\000a\000l\000\040\000E\000M\000A}{section.4}% 9
\BOOKMARK [2][-]{subsection.4.2}{\376\377\000R\000A\000F\000T\000-\000W\000a\000r\000p\000e\000d\000\040\000E\000M\000A}{section.4}% 10
\BOOKMARK [2][-]{subsection.4.3}{\376\377\000N\000o\000-\000R\000A\000F\000T\000\040\000A\000d\000a\000p\000t\000i\000v\000e\000\040\000E\000M\000A\000:\000\040\000R\000a\000w\000-\000v\000s\000-\000M\000e\000m\000o\000r\000y\000\040\000D\000i\000s\000a\000g\000r\000e\000e\000m\000e\000n\000t}{section.4}% 11
\BOOKMARK [2][-]{subsection.4.4}{\376\377\000N\000o\000-\000R\000A\000F\000T\000\040\000A\000d\000a\000p\000t\000i\000v\000e\000\040\000E\000M\000A\000:\000\040\000D\000i\000s\000a\000g\000r\000e\000e\000m\000e\000n\000t\000\040\000+\000\040\000D\000i\000s\000p\000a\000r\000i\000t\000y\000\040\000G\000r\000a\000d\000i\000e\000n\000t}{section.4}% 12
\BOOKMARK [1][-]{section.5}{\376\377\000M\000e\000t\000r\000i\000c\000s}{}% 13
\BOOKMARK [2][-]{subsection.5.1}{\376\377\000G\000e\000o\000m\000e\000t\000r\000i\000c\000\040\000M\000e\000t\000r\000i\000c\000s}{section.5}% 14
\BOOKMARK [2][-]{subsection.5.2}{\376\377\000T\000e\000m\000p\000o\000r\000a\000l\000\040\000M\000e\000t\000r\000i\000c\000s}{section.5}% 15
\BOOKMARK [2][-]{subsection.5.3}{\376\377\000R\000u\000n\000t\000i\000m\000e\000\040\000M\000e\000t\000r\000i\000c\000s}{section.5}% 16
\BOOKMARK [1][-]{section.6}{\376\377\000M\000a\000i\000n\000\040\000R\000e\000s\000u\000l\000t\000s}{}% 17
\BOOKMARK [2][-]{subsection.6.1}{\376\377\000K\000e\000y\000\040\000M\000e\000t\000h\000o\000d\000\040\000C\000o\000m\000p\000a\000r\000i\000s\000o\000n}{section.6}% 18
\BOOKMARK [2][-]{subsection.6.2}{\376\377\000B\000e\000s\000t\000\040\000N\000o\000-\000R\000A\000F\000T\000\040\000A\000d\000a\000p\000t\000i\000v\000e\000\040\000V\000a\000r\000i\000a\000n\000t}{section.6}% 19
\BOOKMARK [2][-]{subsection.6.3}{\376\377\000F\000i\000x\000e\000d\000\040\000E\000M\000A\000\040\000v\000s\000\040\000B\000e\000s\000t\000\040\000N\000o\000-\000R\000A\000F\000T\000\040\000A\000d\000a\000p\000t\000i\000v\000e}{section.6}% 20
\BOOKMARK [1][-]{section.7}{\376\377\000I\000n\000t\000e\000r\000p\000r\000e\000t\000a\000t\000i\000o\000n}{}% 21
\BOOKMARK [2][-]{subsection.7.1}{\376\377\000F\000i\000x\000e\000d\000\040\000E\000M\000A\000\040\000I\000s\000\040\000a\000\040\000S\000t\000r\000o\000n\000g\000\040\000B\000a\000s\000e\000l\000i\000n\000e\000,\000\040\000N\000o\000t\000\040\000a\000\040\000N\000o\000v\000e\000l\000\040\000M\000e\000t\000h\000o\000d}{section.7}% 22
\BOOKMARK [2][-]{subsection.7.2}{\376\377\000W\000h\000y\000\040\000N\000o\000-\000R\000A\000F\000T\000\040\000A\000d\000a\000p\000t\000i\000v\000e\000\040\000F\000a\000i\000l\000e\000d}{section.7}% 23
\BOOKMARK [2][-]{subsection.7.3}{\376\377\000R\000A\000F\000T\000-\000W\000a\000r\000p\000e\000d\000\040\000E\000M\000A\000\040\000I\000s\000\040\000t\000h\000e\000\040\000Q\000u\000a\000l\000i\000t\000y\000\040\000R\000e\000f\000e\000r\000e\000n\000c\000e}{section.7}% 24
\BOOKMARK [2][-]{subsection.7.4}{\376\377\000S\000t\000e\000r\000e\000o\000A\000n\000y\000V\000i\000d\000e\000o\000\040\000I\000s\000\040\000N\000o\000t\000\040\000C\000o\000m\000p\000e\000t\000i\000t\000i\000v\000e\000\040\000H\000e\000r\000e}{section.7}% 25
\BOOKMARK [1][-]{section.8}{\376\377\000C\000u\000r\000r\000e\000n\000t\000\040\000S\000c\000i\000e\000n\000t\000i\000f\000i\000c\000\040\000S\000t\000a\000t\000u\000s}{}% 26
\BOOKMARK [1][-]{section.9}{\376\377\000I\000m\000p\000l\000i\000c\000a\000t\000i\000o\000n\000s\000\040\000f\000o\000r\000\040\000N\000o\000v\000e\000l\000t\000y}{}% 27
\BOOKMARK [2][-]{subsection.9.1}{\376\377\000W\000h\000a\000t\000\040\000I\000s\000\040\000N\000o\000t\000\040\000E\000n\000o\000u\000g\000h}{section.9}% 28
\BOOKMARK [2][-]{subsection.9.2}{\376\377\000P\000o\000t\000e\000n\000t\000i\000a\000l\000\040\000N\000o\000v\000e\000l\000\040\000D\000i\000r\000e\000c\000t\000i\000o\000n\000\040\0001\000:\000\040\000F\000a\000s\000t\000\040\000F\000l\000o\000w\000-\000B\000a\000s\000e\000d\000\040\000T\000e\000m\000p\000o\000r\000a\000l\000\040\000F\000u\000s\000i\000o\000n}{section.9}% 29
\BOOKMARK [2][-]{subsection.9.3}{\376\377\000P\000o\000t\000e\000n\000t\000i\000a\000l\000\040\000N\000o\000v\000e\000l\000\040\000D\000i\000r\000e\000c\000t\000i\000o\000n\000\040\0002\000:\000\040\000R\000A\000F\000T\000\040\000T\000e\000a\000c\000h\000e\000r\000\040\000t\000o\000\040\000L\000i\000g\000h\000t\000w\000e\000i\000g\000h\000t\000\040\000S\000t\000u\000d\000e\000n\000t}{section.9}% 30
\BOOKMARK [1][-]{section.10}{\376\377\000R\000e\000c\000o\000m\000m\000e\000n\000d\000e\000d\000\040\000N\000e\000x\000t\000\040\000S\000t\000e\000p\000s}{}% 31
\BOOKMARK [2][-]{subsection.10.1}{\376\377\000I\000m\000m\000e\000d\000i\000a\000t\000e\000\040\000D\000e\000c\000i\000s\000i\000o\000n}{section.10}% 32
\BOOKMARK [2][-]{subsection.10.2}{\376\377\000N\000e\000x\000t\000\040\000C\000o\000n\000t\000r\000o\000l\000l\000e\000d\000\040\000E\000x\000p\000e\000r\000i\000m\000e\000n\000t}{section.10}% 33
\BOOKMARK [2][-]{subsection.10.3}{\376\377\000N\000e\000x\000t\000\040\000N\000o\000v\000e\000l\000\040\000M\000e\000t\000h\000o\000d\000\040\000D\000i\000r\000e\000c\000t\000i\000o\000n}{section.10}% 34
\BOOKMARK [1][-]{section.11}{\376\377\000C\000u\000r\000r\000e\000n\000t\000\040\000T\000a\000k\000e\000a\000w\000a\000y}{}% 35
\BOOKMARK [1][-]{appendix.A}{\376\377\000R\000e\000l\000e\000v\000a\000n\000t\000\040\000C\000o\000m\000m\000a\000n\000d\000s}{}% 36
\BOOKMARK [2][-]{subsection.A.1}{\376\377\000I\000n\000s\000p\000e\000c\000t\000\040\000O\000u\000t\000p\000u\000t\000\040\000F\000o\000l\000d\000e\000r}{appendix.A}% 37
\BOOKMARK [2][-]{subsection.A.2}{\376\377\000I\000n\000s\000p\000e\000c\000t\000\040\000S\000u\000m\000m\000a\000r\000y\000\040\000C\000S\000V}{appendix.A}% 38
\BOOKMARK [2][-]{subsection.A.3}{\376\377\000I\000n\000s\000p\000e\000c\000t\000\040\000A\000d\000a\000p\000t\000i\000v\000e\000\040\000S\000w\000e\000e\000p}{appendix.A}% 39
\BOOKMARK [2][-]{subsection.A.4}{\376\377\000I\000n\000s\000p\000e\000c\000t\000\040\000V\000i\000d\000e\000o\000s}{appendix.A}% 40
\BOOKMARK [1][-]{appendix.B}{\376\377\000C\000a\000n\000o\000n\000i\000c\000a\000l\000\040\000B\000e\000n\000c\000h\000m\000a\000r\000k\000\040\000F\000o\000l\000d\000e\000r}{}% 41
\BOOKMARK [1][-]{appendix.C}{\376\377\000F\000i\000l\000e\000s\000\040\000I\000n\000v\000o\000l\000v\000e\000d}{}% 42
\BOOKMARK [2][-]{subsection.C.1}{\376\377\000R\000A\000F\000T\000-\000S\000m\000a\000l\000l\000\040\000L\000i\000g\000h\000t\000w\000e\000i\000g\000h\000t\000\040\000F\000l\000o\000w\000\040\000R\000e\000s\000u\000l\000t\000s}{appendix.C}% 43
\BOOKMARK [1][-]{appendix.D}{\376\377\000E\000x\000p\000e\000r\000i\000m\000e\000n\000t\000\040\000P\000a\000t\000h\000s\000\040\000a\000n\000d\000\040\000A\000r\000t\000i\000f\000a\000c\000t\000s}{}% 44
\BOOKMARK [2][-]{subsection.D.1}{\376\377\000A\000u\000d\000i\000t\000e\000d\000\040\000I\000n\000p\000u\000t\000\040\000S\000e\000q\000u\000e\000n\000c\000e}{appendix.D}% 45
\BOOKMARK [2][-]{subsection.D.2}{\376\377\000C\000a\000c\000h\000e\000d\000\040\000S\0002\000M\0002\000-\000S\000\040\000P\000r\000e\000d\000i\000c\000t\000i\000o\000n\000s}{appendix.D}% 46
\BOOKMARK [2][-]{subsection.D.3}{\376\377\000C\000a\000c\000h\000e\000d\000\040\000S\000t\000e\000r\000e\000o\000A\000n\000y\000V\000i\000d\000e\000o\000\040\000P\000r\000e\000d\000i\000c\000t\000i\000o\000n\000s}{appendix.D}% 47
\BOOKMARK [2][-]{subsection.D.4}{\376\377\000F\000u\000l\000l\000\040\000R\000A\000F\000T\000\040\000F\000l\000o\000w\000\040\000C\000a\000c\000h\000e}{appendix.D}% 48
\BOOKMARK [2][-]{subsection.D.5}{\376\377\000N\000o\000-\000R\000A\000F\000T\000\040\000A\000d\000a\000p\000t\000i\000v\000e\000\040\000B\000e\000n\000c\000h\000m\000a\000r\000k\000\040\000O\000u\000t\000p\000u\000t}{appendix.D}% 49
\BOOKMARK [2][-]{subsection.D.6}{\376\377\000R\000A\000F\000T\000-\000S\000m\000a\000l\000l\000\040\000B\000e\000n\000c\000h\000m\000a\000r\000k\000\040\000O\000u\000t\000p\000u\000t}{appendix.D}% 50
\BOOKMARK [2][-]{subsection.D.7}{\376\377\000C\000o\000d\000e\000\040\000F\000i\000l\000e\000s}{appendix.D}% 51
\BOOKMARK [2][-]{subsection.D.8}{\376\377\000A\000r\000t\000i\000f\000a\000c\000t\000-\000A\000w\000a\000r\000e\000\040\000E\000v\000a\000l\000u\000a\000t\000i\000o\000n\000\040\000o\000f\000\040\000R\000A\000F\000T\000-\000S\000m\000a\000l\000l}{appendix.D}% 52
\BOOKMARK [2][-]{subsection.D.9}{\376\377\000F\000r\000o\000m\000\040\000A\000r\000t\000i\000f\000a\000c\000t\000-\000A\000w\000a\000r\000e\000\040\000B\000e\000n\000c\000h\000m\000a\000r\000k\000i\000n\000g\000\040\000t\000o\000\040\000S\000e\000l\000e\000c\000t\000i\000v\000e\000\040\000D\000i\000s\000t\000i\000l\000l\000a\000t\000i\000o\000n}{appendix.D}% 53
\BOOKMARK [2][-]{subsection.D.10}{\376\377\000O\000r\000a\000c\000l\000e\000\040\000T\000e\000a\000c\000h\000e\000r\000\040\000S\000e\000l\000e\000c\000t\000i\000o\000n\000:\000\040\000M\000e\000a\000n\000i\000n\000g\000\040\000a\000n\000d\000\040\000I\000n\000t\000e\000r\000p\000r\000e\000t\000a\000t\000i\000o\000n}{appendix.D}% 54
\BOOKMARK [2][-]{subsection.D.11}{\376\377\000C\000u\000r\000r\000e\000n\000t\000\040\000E\000v\000i\000d\000e\000n\000c\000e\000\040\000a\000n\000d\000\040\000D\000a\000t\000a\000s\000e\000t\000\040\000L\000i\000m\000i\000t\000a\000t\000i\000o\000n\000s}{appendix.D}% 55
\BOOKMARK [2][-]{subsection.D.12}{\376\377\000R\000e\000c\000t\000i\000f\000i\000e\000d\000\040\000T\000e\000m\000p\000o\000r\000a\000l\000-\000G\000T\000\040\000C\000o\000n\000v\000e\000r\000s\000i\000o\000n\000\040\000f\000r\000o\000m\000\040\000R\000a\000w\000\040\000S\000C\000A\000R\000E\000D\000\040\000K\000e\000y\000f\000r\000a\000m\000e\000s}{appendix.D}% 56
\BOOKMARK [2][-]{subsection.D.13}{\376\377\000T\000o\000w\000a\000r\000d\000s\000\040\000T\000e\000a\000c\000h\000e\000r\000-\000O\000r\000i\000e\000n\000t\000e\000d\000\040\000L\000i\000g\000h\000t\000w\000e\000i\000g\000h\000t\000\040\000T\000e\000m\000p\000o\000r\000a\000l\000\040\000S\000t\000e\000r\000e\000o\000\040\000R\000e\000f\000i\000n\000e\000m\000e\000n\000t}{appendix.D}% 57
\BOOKMARK [2][-]{subsection.D.14}{\376\377\000R\000e\000c\000t\000i\000f\000i\000e\000d\000\040\000M\000u\000l\000t\000i\000-\000S\000e\000q\000u\000e\000n\000c\000e\000\040\000E\000v\000a\000l\000u\000a\000t\000i\000o\000n\000\040\000a\000n\000d\000\040\000T\000e\000a\000c\000h\000e\000r\000-\000O\000r\000i\000e\000n\000t\000e\000d\000\040\000D\000i\000s\000t\000i\000l\000l\000a\000t\000i\000o\000n}{appendix.D}% 58
\BOOKMARK [2][-]{subsection.D.15}{\376\377\000F\000r\000o\000m\000\040\000S\000e\000l\000e\000c\000t\000e\000d\000-\000C\000l\000i\000p\000\040\000O\000r\000a\000c\000l\000e\000\040\000D\000i\000s\000t\000i\000l\000l\000a\000t\000i\000o\000n\000\040\000t\000o\000\040\000F\000u\000l\000l\000-\000S\000c\000a\000l\000e\000\040\000R\000e\000f\000i\000n\000e\000r\000\040\000T\000r\000a\000i\000n\000i\000n\000g}{appendix.D}% 59
\BOOKMARK [2][-]{subsection.D.16}{\376\377\000I\000n\000t\000e\000r\000m\000e\000d\000i\000a\000t\000e\000\040\000F\000i\000n\000d\000i\000n\000g\000s\000\040\000a\000n\000d\000\040\000M\000o\000t\000i\000v\000a\000t\000i\000o\000n\000\040\000f\000o\000r\000\040\000T\000e\000m\000p\000o\000r\000a\000l\000\040\000R\000e\000f\000i\000n\000e\000m\000e\000n\000t}{appendix.D}% 60
\BOOKMARK [2][-]{subsection.D.17}{\376\377\000T\000e\000m\000p\000o\000r\000a\000l\000-\000C\000o\000n\000t\000e\000x\000t\000\040\000R\000e\000f\000i\000n\000e\000r}{appendix.D}% 61
\BOOKMARK [2][-]{subsection.D.18}{\376\377\000S\000a\000f\000e\000\040\000R\000e\000f\000i\000n\000e\000m\000e\000n\000t\000\040\000v\000i\000a\000\040\000A\000b\000s\000t\000e\000n\000t\000i\000o\000n\000\040\000a\000n\000d\000\040\000H\000a\000r\000d\000-\000P\000i\000x\000e\000l\000\040\000C\000r\000o\000p\000\040\000T\000r\000a\000i\000n\000i\000n\000g}{appendix.D}% 62
\BOOKMARK [2][-]{subsection.D.19}{\376\377\000S\000t\000a\000g\000e\000d\000\040\000A\000b\000s\000t\000e\000n\000t\000i\000o\000n\000\040\000a\000s\000\040\000S\000a\000f\000e\000\040\000R\000e\000f\000i\000n\000e\000m\000e\000n\000t\000\040\000P\000o\000l\000i\000c\000y}{appendix.D}% 63
\BOOKMARK [2][-]{subsection.D.20}{\376\377\000H\000y\000b\000r\000i\000d\000\040\000O\000r\000a\000c\000l\000e\000\040\000F\000i\000n\000e\000-\000T\000u\000n\000i\000n\000g}{appendix.D}% 64
\BOOKMARK [2][-]{subsection.D.21}{\376\377\000F\000i\000n\000a\000l\000\040\000H\000y\000b\000r\000i\000d\000-\000O\000r\000a\000c\000l\000e\000\040\000R\000e\000f\000i\000n\000e\000r}{appendix.D}% 65
\BOOKMARK [2][-]{subsection.D.22}{\376\377\000E\000G\000B\000M\000-\000v\0002\000-\000C\000A\000R\000E\000:\000\040\000C\000h\000a\000n\000g\000e\000-\000A\000w\000a\000r\000e\000\040\000R\000e\000l\000i\000a\000b\000i\000l\000i\000t\000y\000\040\000E\000n\000c\000o\000d\000i\000n\000g}{appendix.D}% 66
\BOOKMARK [2][-]{subsection.D.23}{\376\377\000E\000G\000B\000M\000-\000v\0003\000-\000C\000A\000R\000E\000-\000S\000:\000\040\000S\000t\000a\000t\000e\000f\000u\000l\000\040\000C\000h\000a\000n\000g\000e\000-\000A\000w\000a\000r\000e\000\040\000R\000e\000l\000i\000a\000b\000i\000l\000i\000t\000y\000\040\000R\000e\000f\000i\000n\000e\000m\000e\000n\000t}{appendix.D}% 67
\BOOKMARK [1][-]{appendix.A}{\376\377\000O\000r\000i\000g\000i\000n\000a\000l\000\040\000O\000b\000j\000e\000c\000t\000i\000v\000e}{}% 68
\BOOKMARK [1][-]{appendix.B}{\376\377\000I\000n\000i\000t\000i\000a\000l\000\040\000E\000x\000p\000e\000r\000i\000m\000e\000n\000t\000a\000l\000\040\000F\000i\000n\000d\000i\000n\000g\000s}{}% 69
\BOOKMARK [2][-]{subsection.B.1}{\376\377\000R\000e\000f\000i\000n\000e\000m\000e\000n\000t\000\040\000o\000n\000\040\000S\000C\000A\000R\000E\000D}{appendix.B}% 70
\BOOKMARK [2][-]{subsection.B.2}{\376\377\000O\000r\000a\000c\000l\000e\000-\000G\000a\000p\000\040\000A\000n\000a\000l\000y\000s\000i\000s}{appendix.B}% 71
\BOOKMARK [2][-]{subsection.B.3}{\376\377\000L\000a\000r\000g\000e\000-\000M\000a\000g\000n\000i\000t\000u\000d\000e\000\040\000P\000r\000o\000p\000o\000s\000a\000l\000\040\000B\000r\000a\000n\000c\000h}{appendix.B}% 72
\BOOKMARK [1][-]{appendix.C}{\376\377\000W\000h\000a\000t\000\040\000D\000i\000d\000\040\000N\000o\000t\000\040\000W\000o\000r\000k}{}% 73
\BOOKMARK [2][-]{subsection.C.1}{\376\377\000U\000n\000i\000v\000e\000r\000s\000a\000l\000\040\000Z\000e\000r\000o\000-\000S\000h\000o\000t\000\040\000R\000e\000f\000i\000n\000e\000m\000e\000n\000t}{appendix.C}% 74
\BOOKMARK [2][-]{subsection.C.2}{\376\377\000I\000n\000t\000e\000r\000p\000r\000e\000t\000a\000t\000i\000o\000n}{appendix.C}% 75
\BOOKMARK [2][-]{subsection.C.3}{\376\377\000W\000h\000y\000\040\000M\000o\000r\000e\000\040\000S\000C\000A\000R\000E\000D\000\040\000D\000a\000t\000a\000\040\000A\000l\000o\000n\000e\000\040\000I\000s\000\040\000N\000o\000t\000\040\000S\000u\000f\000f\000i\000c\000i\000e\000n\000t}{appendix.C}% 76
\BOOKMARK [1][-]{appendix.D}{\376\377\000R\000e\000v\000i\000s\000e\000d\000\040\000S\000c\000o\000p\000e}{}% 77
\BOOKMARK [2][-]{subsection.D.1}{\376\377\000N\000e\000w\000\040\000C\000e\000n\000t\000r\000a\000l\000\040\000I\000d\000e\000a}{appendix.D}% 78
\BOOKMARK [2][-]{subsection.D.2}{\376\377\000M\000a\000i\000n\000\040\000C\000l\000a\000i\000m}{appendix.D}% 79
\BOOKMARK [2][-]{subsection.D.3}{\376\377\000C\000l\000a\000i\000m\000s\000\040\000E\000x\000p\000l\000i\000c\000i\000t\000l\000y\000\040\000A\000v\000o\000i\000d\000e\000d}{appendix.D}% 80
\BOOKMARK [1][-]{appendix.E}{\376\377\000R\000e\000s\000e\000a\000r\000c\000h\000\040\000Q\000u\000e\000s\000t\000i\000o\000n\000s}{}% 81
\BOOKMARK [1][-]{appendix.F}{\376\377\000D\000a\000t\000a\000s\000e\000t\000\040\000S\000t\000r\000a\000t\000e\000g\000y}{}% 82
\BOOKMARK [2][-]{subsection.F.1}{\376\377\000S\000C\000A\000R\000E\000D}{appendix.F}% 83
\BOOKMARK [2][-]{subsection.F.2}{\376\377\000S\000E\000R\000V\000-\000C\000T}{appendix.F}% 84
\BOOKMARK [2][-]{subsection.F.3}{\376\377\000D\0004\000D}{appendix.F}% 85
\BOOKMARK [2][-]{subsection.F.4}{\376\377\000D\0004\000D\000\040\000T\000r\000a\000n\000s\000f\000o\000r\000m\000\040\000C\000h\000a\000i\000n}{appendix.F}% 86
\BOOKMARK [2][-]{subsection.F.5}{\376\377\000D\0004\000D\000\040\000B\000e\000n\000c\000h\000m\000a\000r\000k\000\040\000S\000t\000a\000t\000u\000s}{appendix.F}% 87
\BOOKMARK [1][-]{appendix.G}{\376\377\000P\000r\000o\000p\000o\000s\000e\000d\000\040\000M\000o\000d\000e\000l\000\040\000S\000c\000o\000p\000e}{}% 88
\BOOKMARK [2][-]{subsection.G.1}{\376\377\000M\000a\000i\000n\000\040\000A\000r\000c\000h\000i\000t\000e\000c\000t\000u\000r\000e}{appendix.G}% 89
\BOOKMARK [2][-]{subsection.G.2}{\376\377\000R\000o\000l\000e\000\040\000o\000f\000\040\000M\000P\000C\000\040\000a\000n\000d\000\040\000L\000a\000r\000g\000e\000-\000C\000o\000r\000r\000e\000c\000t\000i\000o\000n\000\040\000M\000o\000d\000e\000l\000s}{appendix.G}% 90
\BOOKMARK [1][-]{appendix.H}{\376\377\000B\000a\000c\000k\000b\000o\000n\000e\000\040\000S\000t\000r\000a\000t\000e\000g\000y}{}% 91
\BOOKMARK [2][-]{subsection.H.1}{\376\377\000Z\000e\000r\000o\000-\000S\000h\000o\000t\000\040\000C\000r\000o\000s\000s\000-\000B\000a\000c\000k\000b\000o\000n\000e\000\040\000T\000r\000a\000n\000s\000f\000e\000r}{appendix.H}% 92
\BOOKMARK [2][-]{subsection.H.2}{\376\377\000B\000a\000c\000k\000b\000o\000n\000e\000-\000S\000p\000e\000c\000i\000f\000i\000c\000\040\000A\000d\000a\000p\000t\000e\000r\000\040\000T\000r\000a\000i\000n\000i\000n\000g}{appendix.H}% 93
\BOOKMARK [2][-]{subsection.H.3}{\376\377\000L\000i\000g\000h\000t\000w\000e\000i\000g\000h\000t\000\040\000F\000i\000n\000e\000-\000T\000u\000n\000i\000n\000g}{appendix.H}% 94
\BOOKMARK [1][-]{appendix.I}{\376\377\000D\000a\000t\000a\000-\000E\000f\000f\000i\000c\000i\000e\000n\000c\000y\000\040\000S\000t\000u\000d\000y}{}% 95
\BOOKMARK [1][-]{appendix.J}{\376\377\000E\000x\000p\000e\000r\000i\000m\000e\000n\000t\000a\000l\000\040\000P\000r\000o\000t\000o\000c\000o\000l}{}% 96
\BOOKMARK [2][-]{subsection.J.1}{\376\377\000E\000x\000p\000e\000r\000i\000m\000e\000n\000t\000\040\000A\000:\000\040\000S\000C\000A\000R\000E\000D\000\040\000M\000a\000i\000n\000\040\000E\000v\000a\000l\000u\000a\000t\000i\000o\000n}{appendix.J}% 97
\BOOKMARK [2][-]{subsection.J.2}{\376\377\000E\000x\000p\000e\000r\000i\000m\000e\000n\000t\000\040\000B\000:\000\040\000C\000r\000o\000s\000s\000-\000B\000a\000c\000k\000b\000o\000n\000e\000\040\000A\000d\000a\000p\000t\000a\000t\000i\000o\000n}{appendix.J}% 98
\BOOKMARK [2][-]{subsection.J.3}{\376\377\000E\000x\000p\000e\000r\000i\000m\000e\000n\000t\000\040\000C\000:\000\040\000D\0004\000D\000\040\000F\000e\000w\000-\000S\000h\000o\000t\000\040\000A\000d\000a\000p\000t\000a\000t\000i\000o\000n}{appendix.J}% 99
\BOOKMARK [2][-]{subsection.J.4}{\376\377\000E\000x\000p\000e\000r\000i\000m\000e\000n\000t\000\040\000D\000:\000\040\000S\000E\000R\000V\000-\000C\000T\000\040\000S\000t\000a\000t\000i\000c\000\040\000O\000O\000D\000\040\000E\000v\000a\000l\000u\000a\000t\000i\000o\000n}{appendix.J}% 100
\BOOKMARK [1][-]{appendix.K}{\376\377\000E\000v\000a\000l\000u\000a\000t\000i\000o\000n\000\040\000M\000e\000t\000r\000i\000c\000s}{}% 101
\BOOKMARK [2][-]{subsection.K.1}{\376\377\000G\000e\000o\000m\000e\000t\000r\000i\000c\000\040\000M\000e\000t\000r\000i\000c\000s}{appendix.K}% 102
\BOOKMARK [2][-]{subsection.K.2}{\376\377\000T\000e\000m\000p\000o\000r\000a\000l\000\040\000M\000e\000t\000r\000i\000c\000s}{appendix.K}% 103
\BOOKMARK [2][-]{subsection.K.3}{\376\377\000S\000a\000f\000e\000t\000y\000\040\000M\000e\000t\000r\000i\000c\000s}{appendix.K}% 104
\BOOKMARK [2][-]{subsection.K.4}{\376\377\000E\000f\000f\000i\000c\000i\000e\000n\000c\000y\000\040\000M\000e\000t\000r\000i\000c\000s}{appendix.K}% 105
\BOOKMARK [1][-]{appendix.L}{\376\377\000R\000e\000q\000u\000i\000r\000e\000d\000\040\000B\000a\000s\000e\000l\000i\000n\000e\000s}{}% 106
\BOOKMARK [1][-]{appendix.M}{\376\377\000M\000a\000i\000n\000\040\000P\000a\000p\000e\000r\000\040\000N\000a\000r\000r\000a\000t\000i\000v\000e}{}% 107
\BOOKMARK [1][-]{appendix.N}{\376\377\000E\000x\000p\000e\000c\000t\000e\000d\000\040\000C\000o\000n\000t\000r\000i\000b\000u\000t\000i\000o\000n\000s}{}% 108
\BOOKMARK [1][-]{appendix.O}{\376\377\000M\000i\000n\000i\000m\000u\000m\000\040\000V\000i\000a\000b\000l\000e\000\040\000I\000C\000R\000A\000\040\000P\000a\000p\000e\000r}{}% 109
\BOOKMARK [1][-]{appendix.P}{\376\377\000S\000t\000r\000o\000n\000g\000\040\000P\000a\000p\000e\000r\000\040\000C\000r\000i\000t\000e\000r\000i\000a}{}% 110
\BOOKMARK [1][-]{appendix.Q}{\376\377\000I\000m\000m\000e\000d\000i\000a\000t\000e\000\040\000E\000x\000p\000e\000r\000i\000m\000e\000n\000t\000a\000l\000\040\000P\000l\000a\000n}{}% 111
\BOOKMARK [1][-]{appendix.R}{\376\377\000P\000r\000o\000v\000i\000s\000i\000o\000n\000a\000l\000\040\000T\000i\000t\000l\000e\000\040\000O\000p\000t\000i\000o\000n\000s}{}% 112
\BOOKMARK [1][-]{appendix.S}{\376\377\000F\000i\000n\000a\000l\000\040\000S\000c\000o\000p\000e\000\040\000S\000t\000a\000t\000e\000m\000e\000n\000t}{}% 113
\BOOKMARK [1][-]{appendix.T}{\376\377\000F\000a\000i\000l\000u\000r\000e\000\040\000A\000n\000a\000l\000y\000s\000i\000s\000\040\000a\000n\000d\000\040\000S\000c\000o\000p\000e\000\040\000R\000e\000v\000i\000s\000i\000o\000n}{}% 114
\BOOKMARK [2][-]{subsection.T.1}{\376\377\000D\000o\000m\000a\000i\000n\000-\000S\000p\000e\000c\000i\000f\000i\000c\000\040\000O\000v\000e\000r\000f\000i\000t\000t\000i\000n\000g}{appendix.T}% 115
\BOOKMARK [2][-]{subsection.T.2}{\376\377\000F\000a\000l\000s\000e\000\040\000A\000c\000t\000i\000v\000a\000t\000i\000o\000n\000\040\000o\000n\000\040\000R\000a\000w\000-\000G\000o\000o\000d\000\040\000P\000i\000x\000e\000l\000s}{appendix.T}% 116
\BOOKMARK [2][-]{subsection.T.3}{\376\377\000C\000a\000l\000i\000b\000r\000a\000t\000i\000o\000n\000\040\000R\000e\000c\000o\000v\000e\000r\000s\000\040\000S\000a\000f\000e\000t\000y\000\040\000b\000u\000t\000\040\000C\000o\000l\000l\000a\000p\000s\000e\000s\000\040\000t\000o\000\040\000I\000d\000e\000n\000t\000i\000t\000y}{appendix.T}% 117
\BOOKMARK [2][-]{subsection.T.4}{\376\377\000L\000i\000m\000i\000t\000e\000d\000\040\000E\000v\000i\000d\000e\000n\000c\000e\000\040\000o\000f\000\040\000T\000r\000a\000n\000s\000f\000e\000r\000a\000b\000l\000e\000\040\000C\000o\000r\000r\000e\000c\000t\000i\000o\000n\000\040\000S\000k\000i\000l\000l}{appendix.T}% 118
\BOOKMARK [2][-]{subsection.T.5}{\376\377\000N\000o\000\040\000T\000e\000m\000p\000o\000r\000a\000l\000-\000S\000t\000a\000b\000i\000l\000i\000t\000y\000\040\000I\000m\000p\000r\000o\000v\000e\000m\000e\000n\000t\000\040\000o\000n\000\040\000D\0004\000D}{appendix.T}% 119
\BOOKMARK [2][-]{subsection.T.6}{\376\377\000T\000h\000e\000\040\000A\000r\000c\000h\000i\000t\000e\000c\000t\000u\000r\000e\000\040\000I\000s\000\040\000N\000o\000t\000\040\000F\000o\000r\000c\000e\000d\000\040\000t\000o\000\040\000U\000s\000e\000\040\000T\000i\000m\000e}{appendix.T}% 120
\BOOKMARK [2][-]{subsection.T.7}{\376\377\000L\000o\000n\000g\000e\000r\000\040\000T\000e\000m\000p\000o\000r\000a\000l\000\040\000M\000e\000m\000o\000r\000y\000\040\000D\000i\000d\000\040\000N\000o\000t\000\040\000S\000o\000l\000v\000e\000\040\000t\000h\000e\000\040\000P\000r\000o\000b\000l\000e\000m}{appendix.T}% 121
\BOOKMARK [2][-]{subsection.T.8}{\376\377\000L\000a\000r\000g\000e\000-\000C\000o\000r\000r\000e\000c\000t\000i\000o\000n\000\040\000M\000o\000d\000e\000l\000s\000\040\000E\000x\000p\000o\000s\000e\000\040\000a\000\040\000S\000a\000f\000e\000t\000y\000\040\000T\000r\000a\000d\000e\000-\000O\000f\000f}{appendix.T}% 122
\BOOKMARK [2][-]{subsection.T.9}{\376\377\000R\000e\000s\000o\000l\000u\000t\000i\000o\000n\000\040\000S\000e\000n\000s\000i\000t\000i\000v\000i\000t\000y\000\040\000o\000f\000\040\000L\000a\000r\000g\000e\000-\000P\000r\000o\000p\000o\000s\000a\000l\000\040\000B\000r\000a\000n\000c\000h\000e\000s}{appendix.T}% 123
\BOOKMARK [2][-]{subsection.T.10}{\376\377\000S\000u\000m\000m\000a\000r\000y\000\040\000o\000f\000\040\000N\000e\000g\000a\000t\000i\000v\000e\000\040\000F\000i\000n\000d\000i\000n\000g\000s}{appendix.T}% 124
\BOOKMARK [2][-]{subsection.T.11}{\376\377\000I\000m\000p\000l\000i\000c\000a\000t\000i\000o\000n\000\040\000f\000o\000r\000\040\000t\000h\000e\000\040\000N\000e\000x\000t\000\040\000M\000o\000d\000e\000l}{appendix.T}% 125
\BOOKMARK [1][-]{appendix.U}{\376\377\000D\000o\000e\000s\000\040\000E\000x\000p\000l\000i\000c\000i\000t\000\040\000T\000e\000m\000p\000o\000r\000a\000l\000\040\000S\000u\000p\000e\000r\000v\000i\000s\000i\000o\000n\000\040\000I\000n\000d\000u\000c\000e\000\040\000G\000e\000n\000u\000i\000n\000e\000\040\000T\000e\000m\000p\000o\000r\000a\000l\000\040\000R\000e\000a\000s\000o\000n\000i\000n\000g\000?}{}% 126
\BOOKMARK [2][-]{subsection.U.1}{\376\377\000T\000e\000m\000p\000o\000r\000a\000l\000\040\000G\000r\000a\000d\000i\000e\000n\000t\000\040\000M\000a\000t\000c\000h\000i\000n\000g}{appendix.U}% 127
\BOOKMARK [2][-]{subsection.U.2}{\376\377\000F\000a\000c\000t\000o\000r\000i\000a\000l\000\040\000E\000x\000p\000e\000r\000i\000m\000e\000n\000t\000a\000l\000\040\000D\000e\000s\000i\000g\000n}{appendix.U}% 128
\BOOKMARK [2][-]{subsection.U.3}{\376\377\000S\000C\000A\000R\000E\000D\000\040\000R\000e\000s\000u\000l\000t\000s}{appendix.U}% 129
\BOOKMARK [2][-]{subsection.U.4}{\376\377\000G\000e\000o\000m\000e\000t\000r\000i\000c\000\040\000A\000c\000c\000u\000r\000a\000c\000y\000\040\000a\000n\000d\000\040\000S\000a\000f\000e\000t\000y}{appendix.U}% 130
\BOOKMARK [2][-]{subsection.U.5}{\376\377\000T\000G\000M\000\040\000W\000e\000i\000g\000h\000t\000\040\000S\000w\000e\000e\000p}{appendix.U}% 131
\BOOKMARK [2][-]{subsection.U.6}{\376\377\000D\0004\000D\000\040\000Z\000e\000r\000o\000-\000S\000h\000o\000t\000\040\000E\000v\000a\000l\000u\000a\000t\000i\000o\000n}{appendix.U}% 132
\BOOKMARK [2][-]{subsection.U.7}{\376\377\000S\000p\000a\000r\000s\000e\000\040\000G\000e\000o\000m\000e\000t\000r\000i\000c\000\040\000T\000r\000a\000n\000s\000f\000e\000r\000\040\000o\000n\000\040\000D\0004\000D}{appendix.U}% 133
\BOOKMARK [2][-]{subsection.U.8}{\376\377\000F\000i\000v\000e\000-\000G\000a\000t\000e\000\040\000D\000e\000c\000i\000s\000i\000o\000n}{appendix.U}% 134
\BOOKMARK [2][-]{subsection.U.9}{\376\377\000I\000n\000t\000e\000r\000p\000r\000e\000t\000a\000t\000i\000o\000n}{appendix.U}% 135
\BOOKMARK [2][-]{subsection.U.10}{\376\377\000I\000m\000p\000l\000i\000c\000a\000t\000i\000o\000n\000\040\000f\000o\000r\000\040\000t\000h\000e\000\040\000M\000o\000d\000e\000l\000\040\000D\000e\000s\000i\000g\000n}{appendix.U}% 136
\BOOKMARK [2][-]{subsection.U.11}{\376\377\000F\000i\000n\000a\000l\000\040\000C\000o\000n\000c\000l\000u\000s\000i\000o\000n}{appendix.U}% 137
\BOOKMARK [1][-]{appendix.V}{\376\377\000A\000R\000G\000O\000S\000\040\000v\0002}{}% 138
\BOOKMARK [2][-]{subsection.V.1}{\376\377\000D\000a\000t\000a\000s\000e\000t\000\040\000R\000o\000l\000e\000s}{appendix.V}% 139
\BOOKMARK [2][-]{subsection.V.2}{\376\377\000M\000u\000l\000t\000i\000-\000B\000a\000c\000k\000b\000o\000n\000e\000\040\000T\000e\000m\000p\000o\000r\000a\000l\000\040\000R\000e\000f\000i\000n\000e\000m\000e\000n\000t}{appendix.V}% 140
\BOOKMARK [2][-]{subsection.V.3}{\376\377\000T\000r\000a\000i\000n\000i\000n\000g\000\040\000a\000n\000d\000\040\000E\000v\000a\000l\000u\000a\000t\000i\000o\000n\000\040\000P\000r\000o\000t\000o\000c\000o\000l}{appendix.V}% 141
\BOOKMARK [2][-]{subsection.V.4}{\376\377\000E\000v\000a\000l\000u\000a\000t\000i\000o\000n\000\040\000Q\000u\000e\000s\000t\000i\000o\000n\000s}{appendix.V}% 142
\BOOKMARK [2][-]{subsection.V.5}{\376\377\000E\000v\000a\000l\000u\000a\000t\000i\000o\000n\000\040\000M\000e\000t\000r\000i\000c\000s}{appendix.V}% 143
\BOOKMARK [1][-]{appendix.W}{\376\377\000P\000o\000s\000i\000t\000i\000o\000n\000i\000n\000g\000\040\000A\000R\000G\000O\000S\000\040\000v\0002\000\040\000A\000g\000a\000i\000n\000s\000t\000\040\000t\000h\000e\000\040\000T\000e\000m\000p\000o\000r\000a\000l\000\040\000S\000t\000e\000r\000e\000o\000\040\000S\000t\000a\000t\000e\000\040\000o\000f\000\040\000t\000h\000e\000\040\000A\000r\000t}{}% 144
\BOOKMARK [2][-]{subsection.W.1}{\376\377\000E\000n\000d\000o\000S\000t\000r\000e\000a\000m\000D\000e\000p\000t\000h\000:\000\040\000C\000a\000u\000s\000a\000l\000\040\000H\000i\000e\000r\000a\000r\000c\000h\000i\000c\000a\000l\000\040\000T\000e\000m\000p\000o\000r\000a\000l\000\040\000M\000o\000d\000e\000l\000i\000n\000g\000\040\000f\000o\000r\000\040\000E\000n\000d\000o\000s\000c\000o\000p\000y}{appendix.W}% 145
\BOOKMARK [2][-]{subsection.W.2}{\376\377\000B\000i\000D\000A\000S\000t\000a\000b\000i\000l\000i\000z\000e\000r\000:\000\040\000P\000l\000u\000g\000-\000a\000n\000d\000-\000P\000l\000a\000y\000\040\000S\000t\000e\000r\000e\000o\000\040\000S\000t\000a\000b\000i\000l\000i\000z\000a\000t\000i\000o\000n}{appendix.W}% 146
\BOOKMARK [2][-]{subsection.W.3}{\376\377\000P\000P\000M\000S\000t\000e\000r\000e\000o\000:\000\040\000R\000e\000l\000i\000a\000b\000i\000l\000i\000t\000y\000-\000A\000w\000a\000r\000e\000\040\000L\000o\000n\000g\000-\000T\000e\000r\000m\000\040\000M\000e\000m\000o\000r\000y}{appendix.W}% 147
\BOOKMARK [2][-]{subsection.W.4}{\376\377\000C\000o\000m\000b\000i\000n\000e\000d\000\040\000C\000o\000m\000p\000a\000r\000i\000s\000o\000n}{appendix.W}% 148
\BOOKMARK [2][-]{subsection.W.5}{\376\377\000R\000e\000s\000u\000l\000t\000i\000n\000g\000\040\000D\000e\000s\000i\000g\000n\000\040\000S\000p\000a\000c\000e\000\040\000f\000o\000r\000\040\000A\000R\000G\000O\000S\000\040\000v\0002}{appendix.W}% 149
\BOOKMARK [3][-]{subsubsection.W.5.1}{\376\377\000U\000n\000i\000v\000e\000r\000s\000a\000l\000\040\000E\000v\000i\000d\000e\000n\000c\000e\000\040\000E\000n\000c\000o\000d\000e\000r}{subsection.W.5}% 150
\BOOKMARK [3][-]{subsubsection.W.5.2}{\376\377\000C\000a\000u\000s\000a\000l\000\040\000M\000o\000t\000i\000o\000n\000\040\000A\000l\000i\000g\000n\000m\000e\000n\000t}{subsection.W.5}% 151
\BOOKMARK [3][-]{subsubsection.W.5.3}{\376\377\000R\000e\000l\000i\000a\000b\000i\000l\000i\000t\000y\000-\000A\000w\000a\000r\000e\000\040\000P\000i\000c\000k\000-\000a\000n\000d\000-\000P\000l\000a\000y\000\040\000M\000e\000m\000o\000r\000y}{subsection.W.5}% 152
\BOOKMARK [3][-]{subsubsection.W.5.4}{\376\377\000H\000i\000e\000r\000a\000r\000c\000h\000i\000c\000a\000l\000\040\000T\000e\000m\000p\000o\000r\000a\000l\000\040\000S\000t\000a\000t\000e}{subsection.W.5}% 153
\BOOKMARK [3][-]{subsubsection.W.5.5}{\376\377\000S\000a\000f\000e\000\040\000I\000d\000e\000n\000t\000i\000t\000y\000-\000P\000r\000e\000s\000e\000r\000v\000i\000n\000g\000\040\000O\000u\000t\000p\000u\000t}{subsection.W.5}% 154
\BOOKMARK [2][-]{subsection.W.6}{\376\377\000N\000o\000v\000e\000l\000t\000y\000\040\000B\000o\000u\000n\000d\000a\000r\000y}{appendix.W}% 155
\BOOKMARK [2][-]{subsection.W.7}{\376\377\000C\000o\000r\000e\000\040\000S\000c\000i\000e\000n\000t\000i\000f\000i\000c\000\040\000G\000a\000p}{appendix.W}% 156
\BOOKMARK [2][-]{subsection.W.8}{\376\377\000E\000x\000p\000e\000r\000i\000m\000e\000n\000t\000a\000l\000\040\000C\000o\000n\000s\000e\000q\000u\000e\000n\000c\000e\000s}{appendix.W}% 157
\BOOKMARK [2][-]{subsection.W.9}{\376\377\000B\000i\000D\000A\000-\000S\000t\000y\000l\000e\000\040\000M\000o\000t\000i\000o\000n\000\040\000A\000l\000i\000g\000n\000m\000e\000n\000t\000\040\000a\000s\000\040\000t\000h\000e\000\040\000F\000i\000r\000s\000t\000\040\000V\000a\000l\000i\000d\000a\000t\000e\000d\000\040\000B\000u\000i\000l\000d\000i\000n\000g\000\040\000B\000l\000o\000c\000k}{appendix.W}% 158
\BOOKMARK [2][-]{subsection.W.10}{\376\377\000M\000i\000l\000e\000s\000t\000o\000n\000e\000:\000\040\000V\000a\000l\000i\000d\000a\000t\000i\000o\000n\000\040\000o\000f\000\040\000C\000a\000u\000s\000a\000l\000\040\000B\000i\000D\000A\000-\000S\000t\000y\000l\000e\000\040\000T\000e\000m\000p\000o\000r\000a\000l\000\040\000A\000l\000i\000g\000n\000m\000e\000n\000t}{appendix.W}% 159
\BOOKMARK [2][-]{subsection.W.11}{\376\377\000M\000i\000l\000e\000s\000t\000o\000n\000e\000:\000\040\000L\000o\000n\000g\000-\000R\000a\000n\000g\000e\000\040\000T\000e\000m\000p\000o\000r\000a\000l\000\040\000E\000v\000i\000d\000e\000n\000c\000e\000\040\000a\000n\000d\000\040\000t\000h\000e\000\040\000L\000i\000m\000i\000t\000s\000\040\000o\000f\000\040\000E\000x\000p\000l\000i\000c\000i\000t\000\040\000P\000i\000c\000k\000-\000a\000n\000d\000-\000P\000l\000a\000y\000\040\000M\000e\000m\000o\000r\000y}{appendix.W}% 160
\BOOKMARK [2][-]{subsection.W.12}{\376\377\000M\000i\000l\000e\000s\000t\000o\000n\000e\000\040\0004\000\040\040\023\000\040\000E\000v\000a\000l\000u\000a\000t\000i\000o\000n\000\040\000o\000f\000\040\000F\000o\000u\000n\000d\000a\000t\000i\000o\000n\000\040\000V\000i\000s\000u\000a\000l\000\040\000F\000e\000a\000t\000u\000r\000e\000s\000\040\000\050\000D\000I\000N\000O\000v\0003\000\051}{appendix.W}% 161
\BOOKMARK [2][-]{subsection.W.13}{\376\377\000M\000i\000l\000e\000s\000t\000o\000n\000e\000:\000\040\000C\000r\000o\000s\000s\000-\000M\000e\000m\000o\000r\000y\000\040\000C\000o\000n\000s\000e\000n\000s\000u\000s\000\040\000R\000e\000v\000e\000a\000l\000s\000\040\000C\000o\000r\000r\000e\000l\000a\000t\000e\000d\000\040\000T\000e\000m\000p\000o\000r\000a\000l\000\040\000E\000r\000r\000o\000r\000s}{appendix.W}% 162
\BOOKMARK [2][-]{subsection.W.14}{\376\377\000M\000i\000l\000e\000s\000t\000o\000n\000e\000:\000\040\000A\000b\000s\000o\000l\000u\000t\000e\000\040\000Q\000u\000a\000l\000i\000t\000y\000\040\000E\000s\000t\000i\000m\000a\000t\000i\000o\000n\000\040\000D\000o\000e\000s\000\040\000N\000o\000t\000\040\000E\000n\000a\000b\000l\000e\000\040\000R\000e\000l\000i\000a\000b\000l\000e\000\040\000M\000e\000m\000o\000r\000y\000\040\000S\000e\000l\000e\000c\000t\000i\000o\000n}{appendix.W}% 163
\BOOKMARK [2][-]{subsection.W.15}{\376\377\000M\000i\000l\000e\000s\000t\000o\000n\000e\000:\000\040\000S\000a\000f\000e\000\040\000I\000n\000t\000e\000r\000v\000e\000n\000t\000i\000o\000n\000\040\000v\000i\000a\000\040\000R\000a\000w\000\040\000E\000r\000r\000o\000r\000\040\000D\000e\000t\000e\000c\000t\000i\000o\000n\000\040\000a\000n\000d\000\040\000A\000b\000s\000t\000e\000n\000t\000i\000o\000n}{appendix.W}% 164
\BOOKMARK [2][-]{subsection.W.16}{\376\377\000M\000i\000l\000e\000s\000t\000o\000n\000e\000:\000\040\000B\000a\000c\000k\000b\000o\000n\000e\000\040\000T\000r\000a\000n\000s\000f\000e\000r\000\040\000S\000u\000c\000c\000e\000e\000d\000s\000,\000\040\000b\000u\000t\000\040\000C\000r\000o\000s\000s\000-\000D\000o\000m\000a\000i\000n\000\040\000A\000u\000t\000h\000o\000r\000i\000z\000a\000t\000i\000o\000n\000\040\000R\000e\000m\000a\000i\000n\000s\000\040\000U\000n\000s\000o\000l\000v\000e\000d}{appendix.W}% 165
\BOOKMARK [2][-]{subsection.W.17}{\376\377\000M\000i\000l\000e\000s\000t\000o\000n\000e\000:\000\040\000C\000r\000o\000s\000s\000-\000D\000o\000m\000a\000i\000n\000\040\000F\000a\000i\000l\000u\000r\000e\000\040\000I\000s\000\040\000E\000x\000p\000l\000a\000i\000n\000e\000d\000\040\000b\000y\000\040\000F\000e\000a\000t\000u\000r\000e\000-\000S\000u\000p\000p\000o\000r\000t\000\040\000S\000h\000i\000f\000t}{appendix.W}% 166
\BOOKMARK [2][-]{subsection.W.18}{\376\377\000M\000i\000l\000e\000s\000t\000o\000n\000e\000:\000\040\000S\000u\000p\000e\000r\000v\000i\000s\000e\000d\000\040\000M\000u\000l\000t\000i\000-\000D\000o\000m\000a\000i\000n\000\040\000E\000x\000p\000o\000s\000u\000r\000e\000\040\000D\000o\000e\000s\000\040\000N\000o\000t\000\040\000Y\000i\000e\000l\000d\000\040\000T\000h\000i\000r\000d\000-\000D\000o\000m\000a\000i\000n\000\040\000A\000u\000t\000h\000o\000r\000i\000z\000a\000t\000i\000o\000n\000\040\000R\000o\000b\000u\000s\000t\000n\000e\000s\000s}{appendix.W}% 167
\BOOKMARK [2][-]{subsection.W.19}{\376\377\000M\000i\000l\000e\000s\000t\000o\000n\000e\000:\000\040\000P\000r\000o\000p\000o\000s\000a\000l\000\040\000U\000t\000i\000l\000i\000t\000y\000\040\000B\000e\000c\000o\000m\000e\000s\000\040\000E\000f\000f\000e\000c\000t\000i\000v\000e\000\040\000W\000h\000e\000n\000\040\000U\000s\000e\000d\000\040\000a\000s\000\040\000a\000\040\000C\000o\000n\000d\000i\000t\000i\000o\000n\000a\000l\000\040\000S\000a\000f\000e\000t\000y\000\040\000V\000e\000t\000o}{appendix.W}% 168
\BOOKMARK [2][-]{subsection.W.20}{\376\377\000C\000u\000r\000r\000e\000n\000t\000\040\000S\000t\000a\000t\000u\000s\000\040\000o\000f\000\040\000A\000R\000G\000O\000S\000\040\000v\0002}{appendix.W}% 169
\BOOKMARK [2][-]{subsection.W.21}{\376\377\000F\000r\000o\000m\000\040\000T\000e\000m\000p\000o\000r\000a\000l\000\040\000O\000r\000a\000c\000l\000e\000\040\000G\000a\000i\000n\000\040\000t\000o\000\040\000D\000e\000p\000l\000o\000y\000a\000b\000l\000e\000\040\000S\000e\000l\000e\000c\000t\000i\000v\000e\000\040\000R\000e\000f\000i\000n\000e\000m\000e\000n\000t}{appendix.W}% 170
\BOOKMARK [3][-]{subsubsection.W.21.1}{\376\377\000I\000n\000t\000e\000r\000p\000r\000e\000t\000a\000t\000i\000o\000n\000\040\000o\000f\000\040\000t\000h\000e\000\040\000B\000o\000t\000t\000l\000e\000n\000e\000c\000k}{subsection.W.21}% 171
\BOOKMARK [3][-]{subsubsection.W.21.2}{\376\377\000R\000e\000l\000a\000t\000i\000o\000n\000\040\000t\000o\000\040\000P\000r\000i\000o\000r\000\040\000W\000o\000r\000k\000\040\000a\000n\000d\000\040\000N\000o\000v\000e\000l\000t\000y}{subsection.W.21}% 172
\BOOKMARK [3][-]{subsubsection.W.21.3}{\376\377\000C\000u\000r\000r\000e\000n\000t\000\040\000C\000o\000n\000c\000l\000u\000s\000i\000o\000n}{subsection.W.21}% 173
\BOOKMARK [2][-]{subsection.W.22}{\376\377\000R\000e\000l\000a\000t\000i\000o\000n\000\040\000t\000o\000\040\000S\000e\000l\000e\000c\000t\000i\000v\000e\000\040\000P\000r\000e\000d\000i\000c\000t\000i\000o\000n\000\040\000a\000n\000d\000\040\000T\000e\000m\000p\000o\000r\000a\000l\000\040\000M\000e\000m\000o\000r\000y\000\040\000A\000r\000b\000i\000t\000r\000a\000t\000i\000o\000n}{appendix.W}% 174
\BOOKMARK [3][-]{subsubsection.W.22.1}{\376\377\000C\000l\000o\000s\000e\000s\000t\000\040\000P\000r\000i\000o\000r\000\040\000A\000r\000t\000:\000\040\000C\000O\000D\000D}{subsection.W.22}% 175
\BOOKMARK [3][-]{subsubsection.W.22.2}{\376\377\000R\000e\000l\000a\000t\000e\000d\000\040\000G\000a\000t\000i\000n\000g\000\040\000M\000e\000c\000h\000a\000n\000i\000s\000m\000s\000\040\000i\000n\000\040\000O\000t\000h\000e\000r\000\040\000V\000i\000d\000e\000o\000\040\000T\000a\000s\000k\000s}{subsection.W.22}% 176
\BOOKMARK [3][-]{subsubsection.W.22.3}{\376\377\000R\000i\000s\000k\000\040\000a\000n\000d\000\040\000N\000e\000t\000-\000U\000t\000i\000l\000i\000t\000y\000\040\000E\000v\000a\000l\000u\000a\000t\000i\000o\000n}{subsection.W.22}% 177
\BOOKMARK [3][-]{subsubsection.W.22.4}{\376\377\000N\000o\000v\000e\000l\000t\000y\000\040\000P\000o\000s\000i\000t\000i\000o\000n\000i\000n\000g}{subsection.W.22}% 178
\BOOKMARK [2][-]{subsection.W.23}{\376\377\000C\000a\000p\000a\000c\000i\000t\000y\000\040\000a\000n\000d\000\040\000O\000b\000s\000e\000r\000v\000a\000b\000i\000l\000i\000t\000y\000\040\000a\000s\000\040\000C\000o\000m\000p\000e\000t\000i\000n\000g\000\040\000E\000x\000p\000l\000a\000n\000a\000t\000i\000o\000n\000s}{appendix.W}% 179
\BOOKMARK [2][-]{subsection.W.24}{\376\377\000C\000a\000p\000a\000c\000i\000t\000y\000\040\000S\000c\000a\000l\000i\000n\000g\000\040\000D\000o\000e\000s\000\040\000N\000o\000t\000\040\000C\000l\000o\000s\000e\000\040\000t\000h\000e\000\040\000T\000e\000m\000p\000o\000r\000a\000l\000\040\000O\000r\000a\000c\000l\000e\000\040\000G\000a\000p}{appendix.W}% 180
\BOOKMARK [2][-]{subsection.W.25}{\376\377\000M\000i\000l\000e\000s\000t\000o\000n\000e\000:\000\040\000C\000O\000D\000D\000-\000S\000t\000y\000l\000e\000\040\000F\000u\000s\000i\000o\000n\000\040\000R\000e\000c\000o\000v\000e\000r\000s\000\040\000M\000o\000r\000e\000\040\000T\000h\000a\000n\000\040\000H\000a\000l\000f\000\040\000o\000f\000\040\000t\000h\000e\000\040\000T\000e\000m\000p\000o\000r\000a\000l\000\040\000O\000r\000a\000c\000l\000e}{appendix.W}% 181
\BOOKMARK [2][-]{subsection.W.26}{\376\377\000C\000O\000D\000D\000-\000S\000t\000y\000l\000e\000\040\000R\000e\000c\000u\000r\000r\000e\000n\000t\000\040\000F\000u\000s\000i\000o\000n\000\040\000w\000i\000t\000h\000\040\000B\000i\000D\000A\000-\000A\000l\000i\000g\000n\000e\000d\000\040\000M\000e\000m\000o\000r\000y}{appendix.W}% 182
\BOOKMARK [3][-]{subsubsection.W.26.1}{\376\377\000C\000u\000r\000r\000e\000n\000t\000\040\000a\000n\000d\000\040\000T\000e\000m\000p\000o\000r\000a\000l\000\040\000D\000i\000s\000p\000a\000r\000i\000t\000y\000\040\000C\000a\000n\000d\000i\000d\000a\000t\000e\000s}{subsection.W.26}% 183
\BOOKMARK [3][-]{subsubsection.W.26.2}{\376\377\000D\000u\000a\000l\000-\000W\000e\000i\000g\000h\000t\000\040\000S\000o\000f\000t\000\040\000F\000u\000s\000i\000o\000n}{subsection.W.26}% 184
\BOOKMARK [3][-]{subsubsection.W.26.3}{\376\377\000C\000O\000D\000D\000-\000S\000t\000y\000l\000e\000\040\000C\000o\000m\000p\000a\000r\000a\000t\000i\000v\000e\000\040\000S\000u\000p\000e\000r\000v\000i\000s\000i\000o\000n}{subsection.W.26}% 185
\BOOKMARK [3][-]{subsubsection.W.26.4}{\376\377\000C\000a\000n\000d\000i\000d\000a\000t\000e\000-\000C\000o\000n\000d\000i\000t\000i\000o\000n\000e\000d\000\040\000S\000t\000e\000r\000e\000o\000\040\000E\000v\000i\000d\000e\000n\000c\000e}{subsection.W.26}% 186
\BOOKMARK [3][-]{subsubsection.W.26.5}{\376\377\000F\000u\000s\000i\000o\000n\000\040\000A\000r\000c\000h\000i\000t\000e\000c\000t\000u\000r\000e}{subsection.W.26}% 187
\BOOKMARK [3][-]{subsubsection.W.26.6}{\376\377\000F\000o\000u\000r\000-\000F\000r\000a\000m\000e\000\040\000C\000a\000u\000s\000a\000l\000\040\000T\000r\000a\000i\000n\000i\000n\000g}{subsection.W.26}% 188
\BOOKMARK [3][-]{subsubsection.W.26.7}{\376\377\000T\000r\000a\000i\000n\000i\000n\000g\000\040\000a\000n\000d\000\040\000E\000v\000a\000l\000u\000a\000t\000i\000o\000n\000\040\000P\000r\000o\000t\000o\000c\000o\000l}{subsection.W.26}% 189
\BOOKMARK [3][-]{subsubsection.W.26.8}{\376\377\000M\000a\000i\000n\000\040\000R\000e\000s\000u\000l\000t}{subsection.W.26}% 190
\BOOKMARK [3][-]{subsubsection.W.26.9}{\376\377\000W\000h\000y\000\040\000t\000h\000e\000\040\000C\000o\000n\000f\000i\000g\000u\000r\000a\000t\000i\000o\000n\000\040\000W\000o\000r\000k\000s}{subsection.W.26}% 191
\BOOKMARK [3][-]{subsubsection.W.26.10}{\376\377\000I\000n\000t\000e\000r\000p\000r\000e\000t\000i\000v\000e\000\040\000C\000a\000v\000e\000a\000t\000s}{subsection.W.26}% 192
\BOOKMARK [2][-]{subsection.W.27}{\376\377\000B\000o\000u\000n\000d\000e\000d\000\040\000R\000e\000c\000u\000r\000r\000e\000n\000c\000e\000\040\000R\000e\000v\000e\000a\000l\000s\000\040\000a\000\040\000T\000e\000m\000p\000o\000r\000a\000l\000-\000M\000e\000m\000o\000r\000y\000\040\000P\000r\000o\000v\000e\000n\000a\000n\000c\000e\000\040\000P\000r\000o\000b\000l\000e\000m}{appendix.W}% 193
\BOOKMARK [3][-]{subsubsection.W.27.1}{\376\377\000C\000o\000m\000p\000o\000n\000e\000n\000t\000\040\000A\000b\000l\000a\000t\000i\000o\000n\000s}{subsection.W.27}% 194
\BOOKMARK [3][-]{subsubsection.W.27.2}{\376\377\000S\000h\000o\000r\000t\000\040\000R\000e\000c\000u\000r\000r\000e\000n\000c\000e\000\040\000H\000e\000l\000p\000s\000,\000\040\000I\000n\000d\000e\000f\000i\000n\000i\000t\000e\000\040\000R\000e\000c\000u\000r\000r\000e\000n\000c\000e\000\040\000F\000a\000i\000l\000s}{subsection.W.27}% 195
\BOOKMARK [3][-]{subsubsection.W.27.3}{\376\377\000L\000e\000a\000r\000n\000e\000d\000\040\000S\000t\000e\000r\000e\000o\000\040\000E\000v\000i\000d\000e\000n\000c\000e\000\040\000I\000s\000\040\000N\000o\000t\000\040\000t\000h\000e\000\040\000D\000o\000m\000i\000n\000a\000n\000t\000\040\000F\000a\000c\000t\000o\000r}{subsection.W.27}% 196
\BOOKMARK [3][-]{subsubsection.W.27.4}{\376\377\000S\000o\000f\000t\000\040\000C\000o\000r\000r\000e\000c\000t\000i\000o\000n\000\040\000I\000s\000\040\000P\000r\000e\000f\000e\000r\000a\000b\000l\000e\000\040\000t\000o\000\040\000H\000a\000r\000d\000\040\000R\000e\000p\000l\000a\000c\000e\000m\000e\000n\000t}{subsection.W.27}% 197
\BOOKMARK [3][-]{subsubsection.W.27.5}{\376\377\000F\000i\000x\000e\000d\000\040\000R\000e\000-\000A\000n\000c\000h\000o\000r\000i\000n\000g\000\040\000G\000e\000n\000e\000r\000a\000l\000i\000z\000e\000s\000\040\000B\000e\000t\000t\000e\000r\000\040\000t\000h\000a\000n\000\040\000t\000h\000e\000\040\000A\000d\000a\000p\000t\000i\000v\000e\000\040\000P\000o\000l\000i\000c\000y}{subsection.W.27}% 198
\BOOKMARK [3][-]{subsubsection.W.27.6}{\376\377\000T\000e\000m\000p\000o\000r\000a\000l\000-\000M\000e\000m\000o\000r\000y\000\040\000I\000n\000t\000e\000r\000p\000r\000e\000t\000a\000t\000i\000o\000n}{subsection.W.27}% 199
\BOOKMARK [3][-]{subsubsection.W.27.7}{\376\377\000V\000a\000l\000i\000d\000a\000t\000e\000d\000\040\000S\000c\000o\000p\000e}{subsection.W.27}% 200
\BOOKMARK [2][-]{subsection.W.28}{\376\377\000L\000o\000n\000g\000-\000R\000a\000n\000g\000e\000\040\000C\000a\000u\000s\000a\000l\000\040\000H\000i\000s\000t\000o\000r\000y\000\040\000I\000s\000\040\000P\000r\000e\000s\000e\000r\000v\000e\000d\000\040\000b\000y\000\040\000I\000m\000m\000u\000t\000a\000b\000l\000e\000\040\000R\000a\000w\000\040\000A\000n\000c\000h\000o\000r\000s}{appendix.W}% 201
\BOOKMARK [3][-]{subsubsection.W.28.1}{\376\377\000M\000u\000l\000t\000i\000-\000A\000n\000c\000h\000o\000r\000\040\000O\000r\000a\000c\000l\000e\000\040\000C\000e\000i\000l\000i\000n\000g}{subsection.W.28}% 202
\BOOKMARK [3][-]{subsubsection.W.28.2}{\376\377\000I\000n\000c\000r\000e\000m\000e\000n\000t\000a\000l\000\040\000V\000a\000l\000u\000e\000\040\000o\000f\000\040\000D\000i\000s\000t\000a\000n\000t\000\040\000R\000a\000w\000\040\000A\000n\000c\000h\000o\000r\000s}{subsection.W.28}% 203
\BOOKMARK [3][-]{subsubsection.W.28.3}{\376\377\000R\000a\000w\000\040\000a\000n\000d\000\040\000C\000o\000r\000r\000e\000c\000t\000e\000d\000\040\000M\000e\000m\000o\000r\000y\000\040\000H\000a\000v\000e\000\040\000A\000s\000y\000m\000m\000e\000t\000r\000i\000c\000\040\000C\000o\000m\000p\000l\000e\000m\000e\000n\000t\000a\000r\000i\000t\000y}{subsection.W.28}% 204
\BOOKMARK [3][-]{subsubsection.W.28.4}{\376\377\000T\000h\000e\000\040\000G\000a\000i\000n\000\040\000I\000s\000\040\000N\000o\000t\000\040\000C\000a\000u\000s\000e\000d\000\040\000b\000y\000\040\000S\000u\000p\000p\000o\000r\000t\000\040\000D\000i\000f\000f\000e\000r\000e\000n\000c\000e\000s}{subsection.W.28}% 205
\BOOKMARK [3][-]{subsubsection.W.28.5}{\376\377\000C\000o\000n\000s\000i\000s\000t\000e\000n\000c\000y\000\040\000A\000c\000r\000o\000s\000s\000\040\000B\000a\000c\000k\000b\000o\000n\000e\000s\000\040\000a\000n\000d\000\040\000S\000e\000q\000u\000e\000n\000c\000e\000s}{subsection.W.28}% 206
\BOOKMARK [3][-]{subsubsection.W.28.6}{\376\377\000M\000e\000m\000o\000r\000y\000-\000F\000a\000i\000l\000u\000r\000e\000\040\000D\000e\000t\000e\000c\000t\000i\000o\000n}{subsection.W.28}% 207
\BOOKMARK [3][-]{subsubsection.W.28.7}{\376\377\000A\000r\000c\000h\000i\000t\000e\000c\000t\000u\000r\000a\000l\000\040\000I\000m\000p\000l\000i\000c\000a\000t\000i\000o\000n}{subsection.W.28}% 208
\BOOKMARK [2][-]{subsection.W.29}{\376\377\000M\000u\000l\000t\000i\000-\000A\000n\000c\000h\000o\000r\000\040\000R\000a\000w\000\040\000M\000e\000m\000o\000r\000y\000\040\000O\000u\000t\000p\000e\000r\000f\000o\000r\000m\000s\000\040\000B\000o\000u\000n\000d\000e\000d\000\040\000R\000e\000c\000u\000r\000r\000e\000n\000t\000\040\000F\000u\000s\000i\000o\000n}{appendix.W}% 209
\BOOKMARK [3][-]{subsubsection.W.29.1}{\376\377\000F\000r\000o\000z\000e\000n\000\040\000D\000a\000t\000a\000s\000e\000t\000-\0007\000\040\000R\000e\000s\000u\000l\000t\000s}{subsection.W.29}% 210
\BOOKMARK [3][-]{subsubsection.W.29.2}{\376\377\000S\000e\000l\000e\000c\000t\000i\000v\000e\000-\000I\000n\000t\000e\000r\000v\000e\000n\000t\000i\000o\000n\000\040\000L\000i\000m\000i\000t\000a\000t\000i\000o\000n}{subsection.W.29}% 211
\BOOKMARK [2][-]{subsection.W.30}{\376\377\000M\000i\000l\000e\000s\000t\000o\000n\000e\000:\000\040\000T\000r\000a\000n\000s\000f\000e\000r\000\040\000t\000o\000\040\000U\000n\000s\000e\000e\000n\000\040\000S\000t\000e\000r\000e\000o\000\040\000B\000a\000c\000k\000b\000o\000n\000e\000s}{appendix.W}% 212
\BOOKMARK [2][-]{subsection.W.31}{\376\377\000C\000o\000n\000d\000i\000t\000i\000o\000n\000a\000l\000\040\000M\000i\000l\000e\000s\000t\000o\000n\000e\000:\000\040\000S\000p\000a\000t\000i\000a\000l\000l\000y\000\040\000S\000e\000l\000e\000c\000t\000i\000v\000e\000\040\000M\000u\000l\000t\000i\000-\000A\000n\000c\000h\000o\000r\000\040\000R\000e\000f\000i\000n\000e\000m\000e\000n\000t}{appendix.W}% 213
\BOOKMARK [1][-]{appendix.X}{\376\377\000I\000m\000m\000u\000t\000a\000b\000l\000e\000\040\000R\000a\000w\000\040\000M\000u\000l\000t\000i\000-\000A\000n\000c\000h\000o\000r\000\040\000T\000e\000m\000p\000o\000r\000a\000l\000\040\000R\000e\000f\000i\000n\000e\000m\000e\000n\000t}{}% 214
\BOOKMARK [2][-]{subsection.X.1}{\376\377\000O\000v\000e\000r\000v\000i\000e\000w}{appendix.X}% 215
\BOOKMARK [2][-]{subsection.X.2}{\376\377\000M\000o\000t\000i\000v\000a\000t\000i\000o\000n\000:\000\040\000B\000o\000u\000n\000d\000e\000d\000\040\000C\000o\000r\000r\000e\000c\000t\000e\000d\000\040\000M\000e\000m\000o\000r\000y}{appendix.X}% 216
\BOOKMARK [2][-]{subsection.X.3}{\376\377\000I\000m\000m\000u\000t\000a\000b\000l\000e\000\040\000R\000a\000w\000\040\000A\000n\000c\000h\000o\000r\000\040\000B\000a\000n\000k}{appendix.X}% 217
\BOOKMARK [2][-]{subsection.X.4}{\376\377\000D\000i\000r\000e\000c\000t\000\040\000C\000a\000u\000s\000a\000l\000\040\000A\000l\000i\000g\000n\000m\000e\000n\000t}{appendix.X}% 218
\BOOKMARK [2][-]{subsection.X.5}{\376\377\000S\000h\000a\000r\000e\000d\000\040\000C\000a\000n\000d\000i\000d\000a\000t\000e\000\040\000R\000e\000p\000r\000e\000s\000e\000n\000t\000a\000t\000i\000o\000n}{appendix.X}% 219
\BOOKMARK [2][-]{subsection.X.6}{\376\377\000C\000a\000n\000d\000i\000d\000a\000t\000e\000\040\000R\000e\000t\000r\000i\000e\000v\000a\000l}{appendix.X}% 220
\BOOKMARK [2][-]{subsection.X.7}{\376\377\000P\000a\000i\000r\000w\000i\000s\000e\000\040\000S\000o\000f\000t\000\040\000F\000u\000s\000i\000o\000n}{appendix.X}% 221
\BOOKMARK [2][-]{subsection.X.8}{\376\377\000E\000x\000a\000c\000t\000\040\000R\000a\000w\000\040\000F\000a\000l\000l\000b\000a\000c\000k}{appendix.X}% 222
\BOOKMARK [2][-]{subsection.X.9}{\376\377\000C\000a\000u\000s\000a\000l\000\040\000I\000n\000f\000e\000r\000e\000n\000c\000e\000\040\000P\000r\000o\000c\000e\000d\000u\000r\000e}{appendix.X}% 223
\BOOKMARK [2][-]{subsection.X.10}{\376\377\000B\000a\000c\000k\000b\000o\000n\000e\000-\000I\000n\000d\000e\000p\000e\000n\000d\000e\000n\000t\000\040\000I\000n\000t\000e\000r\000f\000a\000c\000e}{appendix.X}% 224
\BOOKMARK [1][-]{appendix.Y}{\376\377\000T\000r\000a\000n\000s\000f\000e\000r\000\040\000t\000o\000\040\000S\000t\000e\000r\000e\000o\000\040\000B\000a\000c\000k\000b\000o\000n\000e\000s\000\040\000E\000x\000c\000l\000u\000d\000e\000d\000\040\000f\000r\000o\000m\000\040\000T\000r\000a\000i\000n\000i\000n\000g}{}% 225
\BOOKMARK [2][-]{subsection.Y.1}{\376\377\000E\000v\000a\000l\000u\000a\000t\000i\000o\000n\000\040\000S\000u\000p\000p\000o\000r\000t}{appendix.Y}% 226
\BOOKMARK [2][-]{subsection.Y.2}{\376\377\000S\000u\000p\000p\000o\000r\000t\000e\000d\000\040\000C\000l\000a\000i\000m}{appendix.Y}% 227
\BOOKMARK [1][-]{appendix.Z}{\376\377\000S\000e\000l\000e\000c\000t\000i\000v\000e\000\040\000I\000n\000t\000e\000r\000v\000e\000n\000t\000i\000o\000n\000\040\000a\000s\000\040\000a\000n\000\040\000O\000p\000e\000n\000\040\000P\000r\000o\000b\000l\000e\000m}{}% 228
\BOOKMARK [1][-]{appendix.Alph27}{\376\377\000A\000r\000c\000h\000i\000t\000e\000c\000t\000u\000r\000e\000\040\000S\000u\000m\000m\000a\000r\000y}{}% 229
\BOOKMARK [1][-]{appendix.Alph28}{\376\377\000I\000m\000m\000u\000t\000a\000b\000l\000e\000\040\000R\000a\000w\000\040\000M\000u\000l\000t\000i\000-\000A\000n\000c\000h\000o\000r\000\040\000T\000e\000m\000p\000o\000r\000a\000l\000\040\000R\000e\000f\000i\000n\000e\000m\000e\000n\000t}{}% 230
\BOOKMARK [2][-]{subsection.Alph28.1}{\376\377\000P\000r\000o\000b\000l\000e\000m\000\040\000F\000o\000r\000m\000u\000l\000a\000t\000i\000o\000n}{appendix.Alph28}% 231
\BOOKMARK [2][-]{subsection.Alph28.2}{\376\377\000I\000m\000m\000u\000t\000a\000b\000l\000e\000\040\000R\000a\000w\000\040\000T\000e\000m\000p\000o\000r\000a\000l\000\040\000M\000e\000m\000o\000r\000y}{appendix.Alph28}% 232
\BOOKMARK [2][-]{subsection.Alph28.3}{\376\377\000D\000i\000r\000e\000c\000t\000\040\000C\000a\000u\000s\000a\000l\000\040\000M\000o\000t\000i\000o\000n\000\040\000E\000s\000t\000i\000m\000a\000t\000i\000o\000n}{appendix.Alph28}% 233
\BOOKMARK [2][-]{subsection.Alph28.4}{\376\377\000B\000i\000D\000A\000-\000S\000t\000y\000l\000e\000\040\000C\000a\000u\000s\000a\000l\000\040\000P\000u\000l\000l\000\040\000A\000l\000i\000g\000n\000m\000e\000n\000t}{appendix.Alph28}% 234
\BOOKMARK [2][-]{subsection.Alph28.5}{\376\377\000F\000o\000r\000w\000a\000r\000d\040\023\000B\000a\000c\000k\000w\000a\000r\000d\000\040\000M\000o\000t\000i\000o\000n\000\040\000C\000o\000n\000f\000i\000d\000e\000n\000c\000e}{appendix.Alph28}% 235
\BOOKMARK [2][-]{subsection.Alph28.6}{\376\377\000R\000o\000b\000u\000s\000t\000\040\000C\000r\000o\000s\000s\000-\000A\000n\000c\000h\000o\000r\000\040\000S\000t\000a\000t\000i\000s\000t\000i\000c\000s}{appendix.Alph28}% 236
\BOOKMARK [2][-]{subsection.Alph28.7}{\376\377\000E\000x\000a\000c\000t\000\040\000C\000a\000n\000d\000i\000d\000a\000t\000e\000\040\000E\000v\000i\000d\000e\000n\000c\000e}{appendix.Alph28}% 237
\BOOKMARK [2][-]{subsection.Alph28.8}{\376\377\000S\000h\000a\000r\000e\000d\000\040\000C\000a\000n\000d\000i\000d\000a\000t\000e\000\040\000E\000n\000c\000o\000d\000e\000r}{appendix.Alph28}% 238
\BOOKMARK [2][-]{subsection.Alph28.9}{\376\377\000U\000t\000i\000l\000i\000t\000y\000-\000A\000w\000a\000r\000e\000\040\000P\000i\000x\000e\000l\000w\000i\000s\000e\000\040\000R\000e\000t\000r\000i\000e\000v\000a\000l}{appendix.Alph28}% 239
\BOOKMARK [2][-]{subsection.Alph28.10}{\376\377\000P\000a\000i\000r\000w\000i\000s\000e\000\040\000S\000o\000f\000t\000\040\000C\000o\000r\000r\000e\000c\000t\000i\000o\000n}{appendix.Alph28}% 240
\BOOKMARK [2][-]{subsection.Alph28.11}{\376\377\000G\000e\000o\000m\000e\000t\000r\000i\000c\000\040\000A\000c\000c\000e\000p\000t\000a\000n\000c\000e\000\040\000a\000n\000d\000\040\000E\000x\000a\000c\000t\000\040\000R\000a\000w\000\040\000F\000a\000l\000l\000b\000a\000c\000k}{appendix.Alph28}% 241
\BOOKMARK [2][-]{subsection.Alph28.12}{\376\377\000C\000a\000n\000o\000n\000i\000c\000a\000l\000\040\000T\000r\000a\000i\000n\000i\000n\000g\000\040\000O\000b\000j\000e\000c\000t\000i\000v\000e}{appendix.Alph28}% 242
\BOOKMARK [2][-]{subsection.Alph28.13}{\376\377\000C\000a\000n\000o\000n\000i\000c\000a\000l\000\040\000T\000r\000a\000i\000n\000i\000n\000g\000\040\000C\000o\000n\000f\000i\000g\000u\000r\000a\000t\000i\000o\000n}{appendix.Alph28}% 243
\BOOKMARK [2][-]{subsection.Alph28.14}{\376\377\000C\000o\000m\000p\000u\000t\000a\000t\000i\000o\000n\000a\000l\000\040\000S\000t\000r\000u\000c\000t\000u\000r\000e}{appendix.Alph28}% 244
\BOOKMARK [2][-]{subsection.Alph28.15}{\376\377\000A\000r\000c\000h\000i\000t\000e\000c\000t\000u\000r\000a\000l\000\040\000I\000n\000v\000a\000r\000i\000a\000n\000t\000s}{appendix.Alph28}% 245
\BOOKMARK [2][-]{subsection.Alph28.16}{\376\377\000R\000e\000l\000a\000t\000i\000o\000n\000\040\000t\000o\000\040\000B\000o\000u\000n\000d\000e\000d\000\040\000C\000o\000r\000r\000e\000c\000t\000e\000d\000\040\000M\000e\000m\000o\000r\000y}{appendix.Alph28}% 246
\BOOKMARK [2][-]{subsection.Alph28.17}{\376\377\000S\000c\000o\000p\000e\000\040\000a\000n\000d\000\040\000L\000i\000m\000i\000t\000a\000t\000i\000o\000n\000s}{appendix.Alph28}% 247
\BOOKMARK [2][-]{subsection.Alph28.18}{\376\377\000G\000e\000o\000m\000e\000t\000r\000i\000c\000\040\000r\000e\000f\000i\000n\000e\000m\000e\000n\000t\000\040\000a\000c\000r\000o\000s\000s\000\040\000s\000t\000e\000r\000e\000o\000\040\000b\000a\000c\000k\000b\000o\000n\000e\000s}{appendix.Alph28}% 248
\BOOKMARK [2][-]{subsection.Alph28.19}{\376\377\000C\000u\000r\000r\000e\000n\000t\000\040\000E\000x\000p\000e\000r\000i\000m\000e\000n\000t\000a\000l\000\040\000S\000t\000a\000t\000u\000s}{appendix.Alph28}% 249
\BOOKMARK [3][-]{subsubsection.Alph28.19.1}{\376\377\000C\000r\000o\000s\000s\000-\000B\000a\000c\000k\000b\000o\000n\000e\000\040\000T\000r\000a\000n\000s\000f\000e\000r\000\040\000o\000n\000\040\000S\000C\000A\000R\000E\000D\000-\000C}{subsection.Alph28.19}% 250
\BOOKMARK [3][-]{subsubsection.Alph28.19.2}{\376\377\000H\000e\000l\000d\000-\000O\000u\000t\000\040\000I\000n\000-\000D\000o\000m\000a\000i\000n\000\040\000E\000v\000a\000l\000u\000a\000t\000i\000o\000n}{subsection.Alph28.19}% 251
\BOOKMARK [3][-]{subsubsection.Alph28.19.3}{\376\377\000E\000x\000t\000e\000r\000n\000a\000l\000-\000D\000o\000m\000a\000i\000n\000\040\000E\000v\000a\000l\000u\000a\000t\000i\000o\000n}{subsection.Alph28.19}% 252
\BOOKMARK [3][-]{subsubsection.Alph28.19.4}{\376\377\000C\000o\000m\000p\000a\000r\000i\000s\000o\000n\000\040\000w\000i\000t\000h\000\040\000E\000x\000i\000s\000t\000i\000n\000g\000\040\000T\000e\000m\000p\000o\000r\000a\000l\000\040\000S\000t\000a\000b\000i\000l\000i\000z\000e\000r\000s}{subsection.Alph28.19}% 253
\BOOKMARK [3][-]{subsubsection.Alph28.19.5}{\376\377\000F\000a\000i\000l\000e\000d\000\040\000S\000a\000f\000e\000t\000y\000\040\000V\000a\000r\000i\000a\000n\000t\000s\000\040\000a\000n\000d\000\040\000C\000u\000r\000r\000e\000n\000t\000\040\000M\000o\000d\000e\000l\000\040\000S\000e\000l\000e\000c\000t\000i\000o\000n}{subsection.Alph28.19}% 254
\BOOKMARK [3][-]{subsubsection.Alph28.19.6}{\376\377\000C\000u\000r\000r\000e\000n\000t\000\040\000E\000v\000i\000d\000e\000n\000c\000e\000\040\000S\000u\000m\000m\000a\000r\000y}{subsection.Alph28.19}% 255
